.\venv\Scripts\python.exe : Creating test database for alias 'default'...
At line:1 char:1
+ .\venv\Scripts\python.exe manage.py test > test_output.txt 2>&1
+ ~~~~~~~~~~~~~~~~~~~~~~~~~~~~~~~~~~~~~~~~~~~~~~~~~~~~~~~~~~~~~~~
    + CategoryInfo          : NotSpecified: (Creating test d...as 'default'...:String) [], RemoteException
    + FullyQualifiedErrorId : NativeCommandError
 

..F.EE
======================================================================
ERROR: test_history_rendering (prediction.tests.PredictionSystemTests.test_history_rendering)
----------------------------------------------------------------------
Traceback (most recent call last):
  File "C:\Users\kiyek\Desktop\MindMappR\venv\Lib\site-packages\django\urls\base.py", line 81, in reverse
    extra, resolver = resolver.namespace_dict[ns]
                      ~~~~~~~~~~~~~~~~~~~~~~~^^^^
KeyError: 'core'

During handling of the above exception, another exception occurred:

Traceback (most recent call last):
  File "C:\Users\kiyek\Desktop\MindMappR\prediction\tests.py", line 55, in test_history_rendering
    response = self.client.get(self.hist_url)
  File "C:\Users\kiyek\Desktop\MindMappR\venv\Lib\site-packages\django\test\client.py", line 1127, in get
    response = super().get(
        path,
    ...<4 lines>...
        **extra,
    )
  File "C:\Users\kiyek\Desktop\MindMappR\venv\Lib\site-packages\django\test\client.py", line 475, in get
    return self.generic(
           ~~~~~~~~~~~~^
        "GET",
        ^^^^^^
    ...<4 lines>...
        **extra,
        ^^^^^^^^
    )
    ^
  File "C:\Users\kiyek\Desktop\MindMappR\venv\Lib\site-packages\django\test\client.py", line 671, in generic
    return self.request(**r)
           ~~~~~~~~~~~~^^^^^
  File "C:\Users\kiyek\Desktop\MindMappR\venv\Lib\site-packages\django\test\client.py", line 1090, in request
    self.check_exception(response)
    ~~~~~~~~~~~~~~~~~~~~^^^^^^^^^^
  File "C:\Users\kiyek\Desktop\MindMappR\venv\Lib\site-packages\django\test\client.py", line 805, in check_exception
    raise exc_value
  File "C:\Users\kiyek\Desktop\MindMappR\venv\Lib\site-packages\django\core\handlers\exception.py", line 55, in inner
    response = get_response(request)
  File "C:\Users\kiyek\Desktop\MindMappR\venv\Lib\site-packages\django\core\handlers\base.py", line 198, in 
_get_response
    response = wrapped_callback(request, *callback_args, **callback_kwargs)
  File "C:\Users\kiyek\Desktop\MindMappR\venv\Lib\site-packages\django\contrib\auth\decorators.py", line 59, in 
_view_wrapper
    return view_func(request, *args, **kwargs)
  File "C:\Users\kiyek\Desktop\MindMappR\prediction\views.py", line 39, in history
    return render(request, 'prediction/history.html', {'records': records})
  File "C:\Users\kiyek\Desktop\MindMappR\venv\Lib\site-packages\django\shortcuts.py", line 25, in render
    content = loader.render_to_string(template_name, context, request, using=using)
  File "C:\Users\kiyek\Desktop\MindMappR\venv\Lib\site-packages\django\template\loader.py", line 62, in 
render_to_string
    return template.render(context, request)
           ~~~~~~~~~~~~~~~^^^^^^^^^^^^^^^^^^
  File "C:\Users\kiyek\Desktop\MindMappR\venv\Lib\site-packages\django\template\backends\django.py", line 107, in 
render
    return self.template.render(context)
           ~~~~~~~~~~~~~~~~~~~~^^^^^^^^^
  File "C:\Users\kiyek\Desktop\MindMappR\venv\Lib\site-packages\django\template\base.py", line 174, in render
    return self._render(context)
           ~~~~~~~~~~~~^^^^^^^^^
  File "C:\Users\kiyek\Desktop\MindMappR\venv\Lib\site-packages\django\test\utils.py", line 114, in 
instrumented_test_render
    return self.nodelist.render(context)
           ~~~~~~~~~~~~~~~~~~~~^^^^^^^^^
  File "C:\Users\kiyek\Desktop\MindMappR\venv\Lib\site-packages\django\template\base.py", line 1091, in render
    return SafeString("".join([node.render_annotated(context) for node in self]))
                               ~~~~~~~~~~~~~~~~~~~~~^^^^^^^^^
  File "C:\Users\kiyek\Desktop\MindMappR\venv\Lib\site-packages\django\template\base.py", line 1052, in 
render_annotated
    return self.render(context)
           ~~~~~~~~~~~^^^^^^^^^
  File "C:\Users\kiyek\Desktop\MindMappR\venv\Lib\site-packages\django\template\loader_tags.py", line 160, in render
    return compiled_parent._render(context)
           ~~~~~~~~~~~~~~~~~~~~~~~^^^^^^^^^
  File "C:\Users\kiyek\Desktop\MindMappR\venv\Lib\site-packages\django\test\utils.py", line 114, in 
instrumented_test_render
    return self.nodelist.render(context)
           ~~~~~~~~~~~~~~~~~~~~^^^^^^^^^
  File "C:\Users\kiyek\Desktop\MindMappR\venv\Lib\site-packages\django\template\base.py", line 1091, in render
    return SafeString("".join([node.render_annotated(context) for node in self]))
                               ~~~~~~~~~~~~~~~~~~~~~^^^^^^^^^
  File "C:\Users\kiyek\Desktop\MindMappR\venv\Lib\site-packages\django\template\base.py", line 1052, in 
render_annotated
    return self.render(context)
           ~~~~~~~~~~~^^^^^^^^^
  File "C:\Users\kiyek\Desktop\MindMappR\venv\Lib\site-packages\django\template\defaulttags.py", line 333, in render
    return nodelist.render(context)
           ~~~~~~~~~~~~~~~^^^^^^^^^
  File "C:\Users\kiyek\Desktop\MindMappR\venv\Lib\site-packages\django\template\base.py", line 1091, in render
    return SafeString("".join([node.render_annotated(context) for node in self]))
                               ~~~~~~~~~~~~~~~~~~~~~^^^^^^^^^
  File "C:\Users\kiyek\Desktop\MindMappR\venv\Lib\site-packages\django\template\base.py", line 1052, in 
render_annotated
    return self.render(context)
           ~~~~~~~~~~~^^^^^^^^^
  File "C:\Users\kiyek\Desktop\MindMappR\venv\Lib\site-packages\django\template\defaulttags.py", line 511, in render
    url = reverse(view_name, args=args, kwargs=kwargs, current_app=current_app)
  File "C:\Users\kiyek\Desktop\MindMappR\venv\Lib\site-packages\django\urls\base.py", line 92, in reverse
    raise NoReverseMatch("%s is not a registered namespace" % key)
django.urls.exceptions.NoReverseMatch: 'core' is not a registered namespace

======================================================================
ERROR: test_prediction_flow_and_db_write (prediction.tests.PredictionSystemTests.test_prediction_flow_and_db_write)
----------------------------------------------------------------------
Traceback (most recent call last):
  File "C:\Users\kiyek\Desktop\MindMappR\venv\Lib\site-packages\django\urls\base.py", line 81, in reverse
    extra, resolver = resolver.namespace_dict[ns]
                      ~~~~~~~~~~~~~~~~~~~~~~~^^^^
KeyError: 'core'

During handling of the above exception, another exception occurred:

Traceback (most recent call last):
  File "C:\Users\kiyek\Desktop\MindMappR\prediction\tests.py", line 27, in test_prediction_flow_and_db_write
    response = self.client.post(self.ass_url, {
        'sleep_hours': 8,
        'stress_level': 2,
        'mood_score': 8
    })
  File "C:\Users\kiyek\Desktop\MindMappR\venv\Lib\site-packages\django\test\client.py", line 1156, in post
    response = super().post(
        path,
    ...<5 lines>...
        **extra,
    )
  File "C:\Users\kiyek\Desktop\MindMappR\venv\Lib\site-packages\django\test\client.py", line 499, in post
    return self.generic(
           ~~~~~~~~~~~~^
        "POST",
        ^^^^^^^
    ...<6 lines>...
        **extra,
        ^^^^^^^^
    )
    ^
  File "C:\Users\kiyek\Desktop\MindMappR\venv\Lib\site-packages\django\test\client.py", line 671, in generic
    return self.request(**r)
           ~~~~~~~~~~~~^^^^^
  File "C:\Users\kiyek\Desktop\MindMappR\venv\Lib\site-packages\django\test\client.py", line 1090, in request
    self.check_exception(response)
    ~~~~~~~~~~~~~~~~~~~~^^^^^^^^^^
  File "C:\Users\kiyek\Desktop\MindMappR\venv\Lib\site-packages\django\test\client.py", line 805, in check_exception
    raise exc_value
  File "C:\Users\kiyek\Desktop\MindMappR\venv\Lib\site-packages\django\core\handlers\exception.py", line 55, in inner
    response = get_response(request)
  File "C:\Users\kiyek\Desktop\MindMappR\venv\Lib\site-packages\django\core\handlers\base.py", line 198, in 
_get_response
    response = wrapped_callback(request, *callback_args, **callback_kwargs)
  File "C:\Users\kiyek\Desktop\MindMappR\venv\Lib\site-packages\django\contrib\auth\decorators.py", line 59, in 
_view_wrapper
    return view_func(request, *args, **kwargs)
  File "C:\Users\kiyek\Desktop\MindMappR\prediction\views.py", line 34, in take_assessment
    return render(request, 'prediction/assessment.html', {'form': form, 'result': result_data})
  File "C:\Users\kiyek\Desktop\MindMappR\venv\Lib\site-packages\django\shortcuts.py", line 25, in render
    content = loader.render_to_string(template_name, context, request, using=using)
  File "C:\Users\kiyek\Desktop\MindMappR\venv\Lib\site-packages\django\template\loader.py", line 62, in 
render_to_string
    return template.render(context, request)
           ~~~~~~~~~~~~~~~^^^^^^^^^^^^^^^^^^
  File "C:\Users\kiyek\Desktop\MindMappR\venv\Lib\site-packages\django\template\backends\django.py", line 107, in 
render
    return self.template.render(context)
           ~~~~~~~~~~~~~~~~~~~~^^^^^^^^^
  File "C:\Users\kiyek\Desktop\MindMappR\venv\Lib\site-packages\django\template\base.py", line 174, in render
    return self._render(context)
           ~~~~~~~~~~~~^^^^^^^^^
  File "C:\Users\kiyek\Desktop\MindMappR\venv\Lib\site-packages\django\test\utils.py", line 114, in 
instrumented_test_render
    return self.nodelist.render(context)
           ~~~~~~~~~~~~~~~~~~~~^^^^^^^^^
  File "C:\Users\kiyek\Desktop\MindMappR\venv\Lib\site-packages\django\template\base.py", line 1091, in render
    return SafeString("".join([node.render_annotated(context) for node in self]))
                               ~~~~~~~~~~~~~~~~~~~~~^^^^^^^^^
  File "C:\Users\kiyek\Desktop\MindMappR\venv\Lib\site-packages\django\template\base.py", line 1052, in 
render_annotated
    return self.render(context)
           ~~~~~~~~~~~^^^^^^^^^
  File "C:\Users\kiyek\Desktop\MindMappR\venv\Lib\site-packages\django\template\loader_tags.py", line 160, in render
    return compiled_parent._render(context)
           ~~~~~~~~~~~~~~~~~~~~~~~^^^^^^^^^
  File "C:\Users\kiyek\Desktop\MindMappR\venv\Lib\site-packages\django\test\utils.py", line 114, in 
instrumented_test_render
    return self.nodelist.render(context)
           ~~~~~~~~~~~~~~~~~~~~^^^^^^^^^
  File "C:\Users\kiyek\Desktop\MindMappR\venv\Lib\site-packages\django\template\base.py", line 1091, in render
    return SafeString("".join([node.render_annotated(context) for node in self]))
                               ~~~~~~~~~~~~~~~~~~~~~^^^^^^^^^
  File "C:\Users\kiyek\Desktop\MindMappR\venv\Lib\site-packages\django\template\base.py", line 1052, in 
render_annotated
    return self.render(context)
           ~~~~~~~~~~~^^^^^^^^^
  File "C:\Users\kiyek\Desktop\MindMappR\venv\Lib\site-packages\django\template\defaulttags.py", line 333, in render
    return nodelist.render(context)
           ~~~~~~~~~~~~~~~^^^^^^^^^
  File "C:\Users\kiyek\Desktop\MindMappR\venv\Lib\site-packages\django\template\base.py", line 1091, in render
    return SafeString("".join([node.render_annotated(context) for node in self]))
                               ~~~~~~~~~~~~~~~~~~~~~^^^^^^^^^
  File "C:\Users\kiyek\Desktop\MindMappR\venv\Lib\site-packages\django\template\base.py", line 1052, in 
render_annotated
    return self.render(context)
           ~~~~~~~~~~~^^^^^^^^^
  File "C:\Users\kiyek\Desktop\MindMappR\venv\Lib\site-packages\django\template\defaulttags.py", line 511, in render
    url = reverse(view_name, args=args, kwargs=kwargs, current_app=current_app)
  File "C:\Users\kiyek\Desktop\MindMappR\venv\Lib\site-packages\django\urls\base.py", line 92, in reverse
    raise NoReverseMatch("%s is not a registered namespace" % key)
django.urls.exceptions.NoReverseMatch: 'core' is not a registered namespace

======================================================================
FAIL: test_signup_visibility (accounts.tests.AuthSystemTests.test_signup_visibility)
----------------------------------------------------------------------
Traceback (most recent call last):
  File "C:\Users\kiyek\Desktop\MindMappR\accounts\tests.py", line 16, in test_signup_visibility
    self.assertContains(response, "Sign up below")
    ~~~~~~~~~~~~~~~~~~~^^^^^^^^^^^^^^^^^^^^^^^^^^^
AssertionError: False is not true : Couldn't find 'Sign up below' in the following response
b'\n<!DOCTYPE html>\n<html lang="en">\n<head>\n    <meta charset="UTF-8">\n    <meta name="viewport" 
content="width=device-width, initial-scale=1.0">\n    <title>MindMappR - Register</title>\n    <link rel="preconnect" 
href="https://fonts.googleapis.com">\n    <link rel="preconnect" href="https://fonts.gstatic.com" crossorigin>\n    
<link href="https://fonts.googleapis.com/css2?family=Inter:wght@300;400;500;600;800&display=swap" rel="stylesheet">\n  
  <link rel="stylesheet" href="/static/css/styles.css">\n</head>\n<body>\n    <div class="app-layout">\n        <!-- 
Mobile Header -->\n        <header class="mobile-header">\n            <div 
class="logo">Mind<span>MappR</span></div>\n            <button class="hamburger-btn" id="menuToggle" 
aria-label="Toggle Menu">\n                <svg width="24" height="24" fill="none" stroke="currentColor" viewBox="0 0 
24 24" xmlns="http://www.w3.org/2000/svg">\n                    <path stroke-linecap="round" stroke-linejoin="round" 
stroke-width="2" d="M4 6h16M4 12h16M4 18h16"></path>\n                </svg>\n            </button>\n        
</header>\n\n        <!-- Sidebar Navigation -->\n        <aside class="sidebar" id="sidebar">\n            <div 
class="sidebar-header">\n                <div class="logo" style="margin-bottom: 1rem;">Mind<span>MappR</span></div>\n 
           </div>\n            \n            <nav class="sidebar-nav">\n                \n                    <a 
href="/" class="nav-link">Home</a>\n                    <a href="/accounts/login/" class="nav-link">Login</a>\n        
            <a href="/accounts/signup/" class="nav-link">Sign Up</a>\n                    <a href="/resources/" 
class="nav-link">Resources</a>\n                \n            </nav>\n            \n            \n        </aside>\n   
     \n        <!-- Main Content Area -->\n        <main class="main-content">\n            <div 
class="content-wrapper animate-fade-in">\n                \n<div class="auth-wrapper">\n    <div class="glass-card 
auth-card">\n        <h2>Create an Account</h2>\n        <p class="auth-subtitle">Join MindMappR to start your 
journey</p>\n        \n        <form method="post" action="/accounts/signup/">\n            <input type="hidden" 
name="csrfmiddlewaretoken" value="kYvoIlpBUDy7I71WG9bcrCvc6RqW0WNSp6tOmLRWe6mHkdpAhJH8nF94cYIbmmc9">\n            \n   
             <div class="form-group">\n                    <label for="id_username">Username:</label>\n                
    <input type="text" name="username" maxlength="150" autocapitalize="none" autocomplete="username" autofocus 
class="form-input" placeholder="Username" required aria-describedby="id_username_helptext" id="id_username">\n         
           \n                        <small class="form-help">Required. 150 characters or fewer. Letters, digits and 
@/./+/-/_ only.</small>\n                    \n                    \n                </div>\n            \n            
    <div class="form-group">\n                    <label for="id_password1">Password:</label>\n                    
<input type="password" name="password1" autocomplete="new-password" class="form-input" placeholder="Password" required 
aria-describedby="id_password1_helptext" id="id_password1">\n                    \n                        <small 
class="form-help"><ul><li>Your password can\xe2\x80\x99t be too similar to your other personal 
information.</li><li>Your password must contain at least 8 characters.</li><li>Your password can\xe2\x80\x99t be a 
commonly used password.</li><li>Your password can\xe2\x80\x99t be entirely numeric.</li></ul></small>\n                
    \n                    \n                </div>\n            \n                <div class="form-group">\n           
         <label for="id_password2">Password confirmation:</label>\n                    <input type="password" 
name="password2" autocomplete="new-password" class="form-input" placeholder="Password confirmation" required 
aria-describedby="id_password2_helptext" id="id_password2">\n                    \n                        <small 
class="form-help">Enter the same password as before, for verification.</small>\n                    \n                 
   \n                </div>\n            \n            <button type="submit" class="btn-primary 
full-width">Register</button>\n        </form>\n        \n        <p class="auth-redirect">\n            Already have 
an account? <a href="/accounts/login/">Log in here</a>\n        </p>\n    </div>\n</div>\n\n            </div>\n       
 </main>\n    </div>\n\n    <!-- Overlay for mobile -->\n    <div class="sidebar-overlay" 
id="sidebarOverlay"></div>\n\n    <script src="/static/js/main.js"></script>\n</body>\n</html>\n'

----------------------------------------------------------------------
Ran 6 tests in 44.838s

FAILED (failures=1, errors=2)
Destroying test database for alias 'default'...

Found 6 test(s).
System check identified no issues (0 silenced).
